components/asset-management/asset/product-form-dialog.tsx(7,31): error TS2307: Cannot find module '@/schemas' or its corresponding type declarations.
components/asset-management/asset/product-form-dialog.tsx(15,8): error TS2307: Cannot find module '@/components/ui/form' or its corresponding type declarations.
components/asset-management/asset/product-form-dialog.tsx(16,23): error TS2307: Cannot find module '@/components/ui/input' or its corresponding type declarations.
components/asset-management/asset/product-form-dialog.tsx(23,8): error TS2307: Cannot find module '@/components/ui/select' or its corresponding type declarations.
components/asset-management/asset/product-form-dialog.tsx(24,26): error TS2307: Cannot find module '@/components/ui/textarea' or its corresponding type declarations.
components/asset-management/asset/product-form-dialog.tsx(25,24): error TS2307: Cannot find module '@/components/ui/button' or its corresponding type declarations.
components/asset-management/asset/product-form-dialog.tsx(26,31): error TS2307: Cannot find module '@/action/master/product' or its corresponding type declarations.
components/asset-management/asset/product-form-dialog.tsx(46,8): error TS2307: Cannot find module '@/components/ui/dialog' or its corresponding type declarations.
components/asset-management/asset/product-form-dialog.tsx(47,28): error TS2307: Cannot find module '@/components/ui/scroll-area' or its corresponding type declarations.
components/asset-management/asset/product-form-dialog.tsx(127,9): error TS17004: Cannot use JSX unless the '--jsx' flag is provided.
components/asset-management/asset/product-form-dialog.tsx(128,13): error TS17004: Cannot use JSX unless the '--jsx' flag is provided.
components/asset-management/asset/product-form-dialog.tsx(129,17): error TS17004: Cannot use JSX unless the '--jsx' flag is provided.
components/asset-management/asset/product-form-dialog.tsx(130,21): error TS17004: Cannot use JSX unless the '--jsx' flag is provided.
components/asset-management/asset/product-form-dialog.tsx(134,13): error TS17004: Cannot use JSX unless the '--jsx' flag is provided.
components/asset-management/asset/product-form-dialog.tsx(135,17): error TS17004: Cannot use JSX unless the '--jsx' flag is provided.
components/asset-management/asset/product-form-dialog.tsx(136,21): error TS17004: Cannot use JSX unless the '--jsx' flag is provided.
components/asset-management/asset/product-form-dialog.tsx(137,25): error TS17004: Cannot use JSX unless the '--jsx' flag is provided.
components/asset-management/asset/product-form-dialog.tsx(140,21): error TS17004: Cannot use JSX unless the '--jsx' flag is provided.
components/asset-management/asset/product-form-dialog.tsx(144,17): error TS17004: Cannot use JSX unless the '--jsx' flag is provided.
components/asset-management/asset/product-form-dialog.tsx(145,21): error TS17004: Cannot use JSX unless the '--jsx' flag is provided.
components/asset-management/asset/product-form-dialog.tsx(146,25): error TS17004: Cannot use JSX unless the '--jsx' flag is provided.
components/asset-management/asset/product-form-dialog.tsx(148,29): error TS17004: Cannot use JSX unless the '--jsx' flag is provided.
components/asset-management/asset/product-form-dialog.tsx(149,33): error TS17004: Cannot use JSX unless the '--jsx' flag is provided.
components/asset-management/asset/product-form-dialog.tsx(153,41): error TS17004: Cannot use JSX unless the '--jsx' flag is provided.
components/asset-management/asset/product-form-dialog.tsx(154,45): error TS17004: Cannot use JSX unless the '--jsx' flag is provided.
components/asset-management/asset/product-form-dialog.tsx(155,45): error TS17004: Cannot use JSX unless the '--jsx' flag is provided.
components/asset-management/asset/product-form-dialog.tsx(156,49): error TS17004: Cannot use JSX unless the '--jsx' flag is provided.
components/asset-management/asset/product-form-dialog.tsx(158,45): error TS17004: Cannot use JSX unless the '--jsx' flag is provided.
components/asset-management/asset/product-form-dialog.tsx(162,33): error TS17004: Cannot use JSX unless the '--jsx' flag is provided.
components/asset-management/asset/product-form-dialog.tsx(166,41): error TS17004: Cannot use JSX unless the '--jsx' flag is provided.
components/asset-management/asset/product-form-dialog.tsx(167,45): error TS17004: Cannot use JSX unless the '--jsx' flag is provided.
components/asset-management/asset/product-form-dialog.tsx(168,45): error TS17004: Cannot use JSX unless the '--jsx' flag is provided.
components/asset-management/asset/product-form-dialog.tsx(169,49): error TS17004: Cannot use JSX unless the '--jsx' flag is provided.
components/asset-management/asset/product-form-dialog.tsx(171,45): error TS17004: Cannot use JSX unless the '--jsx' flag is provided.
components/asset-management/asset/product-form-dialog.tsx(175,33): error TS17004: Cannot use JSX unless the '--jsx' flag is provided.
components/asset-management/asset/product-form-dialog.tsx(179,41): error TS17004: Cannot use JSX unless the '--jsx' flag is provided.
components/asset-management/asset/product-form-dialog.tsx(180,45): error TS17004: Cannot use JSX unless the '--jsx' flag is provided.
components/asset-management/asset/product-form-dialog.tsx(181,45): error TS17004: Cannot use JSX unless the '--jsx' flag is provided.
components/asset-management/asset/product-form-dialog.tsx(182,49): error TS17004: Cannot use JSX unless the '--jsx' flag is provided.
components/asset-management/asset/product-form-dialog.tsx(184,45): error TS17004: Cannot use JSX unless the '--jsx' flag is provided.
components/asset-management/asset/product-form-dialog.tsx(191,29): error TS17004: Cannot use JSX unless the '--jsx' flag is provided.
components/asset-management/asset/product-form-dialog.tsx(192,33): error TS17004: Cannot use JSX unless the '--jsx' flag is provided.
components/asset-management/asset/product-form-dialog.tsx(196,41): error TS17004: Cannot use JSX unless the '--jsx' flag is provided.
components/asset-management/asset/product-form-dialog.tsx(197,45): error TS17004: Cannot use JSX unless the '--jsx' flag is provided.
components/asset-management/asset/product-form-dialog.tsx(198,45): error TS17004: Cannot use JSX unless the '--jsx' flag is provided.
components/asset-management/asset/product-form-dialog.tsx(199,49): error TS17004: Cannot use JSX unless the '--jsx' flag is provided.
components/asset-management/asset/product-form-dialog.tsx(200,53): error TS17004: Cannot use JSX unless the '--jsx' flag is provided.
components/asset-management/asset/product-form-dialog.tsx(201,57): error TS17004: Cannot use JSX unless the '--jsx' flag is provided.
components/asset-management/asset/product-form-dialog.tsx(204,49): error TS17004: Cannot use JSX unless the '--jsx' flag is provided.
components/asset-management/asset/product-form-dialog.tsx(206,57): error TS17004: Cannot use JSX unless the '--jsx' flag is provided.
components/asset-management/asset/product-form-dialog.tsx(210,45): error TS17004: Cannot use JSX unless the '--jsx' flag is provided.
components/asset-management/asset/product-form-dialog.tsx(214,33): error TS17004: Cannot use JSX unless the '--jsx' flag is provided.
components/asset-management/asset/product-form-dialog.tsx(218,41): error TS17004: Cannot use JSX unless the '--jsx' flag is provided.
components/asset-management/asset/product-form-dialog.tsx(219,45): error TS17004: Cannot use JSX unless the '--jsx' flag is provided.
components/asset-management/asset/product-form-dialog.tsx(220,45): error TS17004: Cannot use JSX unless the '--jsx' flag is provided.
components/asset-management/asset/product-form-dialog.tsx(221,49): error TS17004: Cannot use JSX unless the '--jsx' flag is provided.
components/asset-management/asset/product-form-dialog.tsx(222,53): error TS17004: Cannot use JSX unless the '--jsx' flag is provided.
components/asset-management/asset/product-form-dialog.tsx(223,57): error TS17004: Cannot use JSX unless the '--jsx' flag is provided.
components/asset-management/asset/product-form-dialog.tsx(226,49): error TS17004: Cannot use JSX unless the '--jsx' flag is provided.
components/asset-management/asset/product-form-dialog.tsx(228,57): error TS17004: Cannot use JSX unless the '--jsx' flag is provided.
components/asset-management/asset/product-form-dialog.tsx(232,45): error TS17004: Cannot use JSX unless the '--jsx' flag is provided.
components/asset-management/asset/product-form-dialog.tsx(239,29): error TS17004: Cannot use JSX unless the '--jsx' flag is provided.
components/asset-management/asset/product-form-dialog.tsx(240,33): error TS17004: Cannot use JSX unless the '--jsx' flag is provided.
components/asset-management/asset/product-form-dialog.tsx(244,41): error TS17004: Cannot use JSX unless the '--jsx' flag is provided.
components/asset-management/asset/product-form-dialog.tsx(245,45): error TS17004: Cannot use JSX unless the '--jsx' flag is provided.
components/asset-management/asset/product-form-dialog.tsx(246,45): error TS17004: Cannot use JSX unless the '--jsx' flag is provided.
components/asset-management/asset/product-form-dialog.tsx(247,49): error TS17004: Cannot use JSX unless the '--jsx' flag is provided.
components/asset-management/asset/product-form-dialog.tsx(248,53): error TS17004: Cannot use JSX unless the '--jsx' flag is provided.
components/asset-management/asset/product-form-dialog.tsx(249,57): error TS17004: Cannot use JSX unless the '--jsx' flag is provided.
components/asset-management/asset/product-form-dialog.tsx(252,49): error TS17004: Cannot use JSX unless the '--jsx' flag is provided.
components/asset-management/asset/product-form-dialog.tsx(254,57): error TS17004: Cannot use JSX unless the '--jsx' flag is provided.
components/asset-management/asset/product-form-dialog.tsx(258,45): error TS17004: Cannot use JSX unless the '--jsx' flag is provided.
components/asset-management/asset/product-form-dialog.tsx(262,33): error TS17004: Cannot use JSX unless the '--jsx' flag is provided.
components/asset-management/asset/product-form-dialog.tsx(266,41): error TS17004: Cannot use JSX unless the '--jsx' flag is provided.
components/asset-management/asset/product-form-dialog.tsx(267,45): error TS17004: Cannot use JSX unless the '--jsx' flag is provided.
components/asset-management/asset/product-form-dialog.tsx(268,45): error TS17004: Cannot use JSX unless the '--jsx' flag is provided.
components/asset-management/asset/product-form-dialog.tsx(269,49): error TS17004: Cannot use JSX unless the '--jsx' flag is provided.
components/asset-management/asset/product-form-dialog.tsx(270,53): error TS17004: Cannot use JSX unless the '--jsx' flag is provided.
components/asset-management/asset/product-form-dialog.tsx(271,57): error TS17004: Cannot use JSX unless the '--jsx' flag is provided.
components/asset-management/asset/product-form-dialog.tsx(274,49): error TS17004: Cannot use JSX unless the '--jsx' flag is provided.
components/asset-management/asset/product-form-dialog.tsx(276,57): error TS17004: Cannot use JSX unless the '--jsx' flag is provided.
components/asset-management/asset/product-form-dialog.tsx(280,45): error TS17004: Cannot use JSX unless the '--jsx' flag is provided.
components/asset-management/asset/product-form-dialog.tsx(287,29): error TS17004: Cannot use JSX unless the '--jsx' flag is provided.
components/asset-management/asset/product-form-dialog.tsx(288,33): error TS17004: Cannot use JSX unless the '--jsx' flag is provided.
components/asset-management/asset/product-form-dialog.tsx(289,37): error TS17004: Cannot use JSX unless the '--jsx' flag is provided.
components/asset-management/asset/product-form-dialog.tsx(291,33): error TS17004: Cannot use JSX unless the '--jsx' flag is provided.
components/asset-management/asset/product-form-dialog.tsx(292,37): error TS17004: Cannot use JSX unless the '--jsx' flag is provided.
components/asset-management/asset/product-form-dialog.tsx(296,45): error TS17004: Cannot use JSX unless the '--jsx' flag is provided.
components/asset-management/asset/product-form-dialog.tsx(297,49): error TS17004: Cannot use JSX unless the '--jsx' flag is provided.
components/asset-management/asset/product-form-dialog.tsx(298,49): error TS17004: Cannot use JSX unless the '--jsx' flag is provided.
components/asset-management/asset/product-form-dialog.tsx(299,53): error TS17004: Cannot use JSX unless the '--jsx' flag is provided.
components/asset-management/asset/product-form-dialog.tsx(300,57): error TS17004: Cannot use JSX unless the '--jsx' flag is provided.
components/asset-management/asset/product-form-dialog.tsx(301,61): error TS17004: Cannot use JSX unless the '--jsx' flag is provided.
components/asset-management/asset/product-form-dialog.tsx(304,53): error TS17004: Cannot use JSX unless the '--jsx' flag is provided.
components/asset-management/asset/product-form-dialog.tsx(306,61): error TS17004: Cannot use JSX unless the '--jsx' flag is provided.
components/asset-management/asset/product-form-dialog.tsx(310,49): error TS17004: Cannot use JSX unless the '--jsx' flag is provided.
components/asset-management/asset/product-form-dialog.tsx(314,37): error TS17004: Cannot use JSX unless the '--jsx' flag is provided.
components/asset-management/asset/product-form-dialog.tsx(318,45): error TS17004: Cannot use JSX unless the '--jsx' flag is provided.
components/asset-management/asset/product-form-dialog.tsx(319,49): error TS17004: Cannot use JSX unless the '--jsx' flag is provided.
components/asset-management/asset/product-form-dialog.tsx(320,49): error TS17004: Cannot use JSX unless the '--jsx' flag is provided.
components/asset-management/asset/product-form-dialog.tsx(321,53): error TS17004: Cannot use JSX unless the '--jsx' flag is provided.
components/asset-management/asset/product-form-dialog.tsx(322,57): error TS17004: Cannot use JSX unless the '--jsx' flag is provided.
components/asset-management/asset/product-form-dialog.tsx(323,61): error TS17004: Cannot use JSX unless the '--jsx' flag is provided.
components/asset-management/asset/product-form-dialog.tsx(326,53): error TS17004: Cannot use JSX unless the '--jsx' flag is provided.
components/asset-management/asset/product-form-dialog.tsx(328,61): error TS17004: Cannot use JSX unless the '--jsx' flag is provided.
components/asset-management/asset/product-form-dialog.tsx(332,49): error TS17004: Cannot use JSX unless the '--jsx' flag is provided.
components/asset-management/asset/product-form-dialog.tsx(336,37): error TS17004: Cannot use JSX unless the '--jsx' flag is provided.
components/asset-management/asset/product-form-dialog.tsx(340,45): error TS17004: Cannot use JSX unless the '--jsx' flag is provided.
components/asset-management/asset/product-form-dialog.tsx(341,49): error TS17004: Cannot use JSX unless the '--jsx' flag is provided.
components/asset-management/asset/product-form-dialog.tsx(342,49): error TS17004: Cannot use JSX unless the '--jsx' flag is provided.
components/asset-management/asset/product-form-dialog.tsx(343,53): error TS17004: Cannot use JSX unless the '--jsx' flag is provided.
components/asset-management/asset/product-form-dialog.tsx(344,57): error TS17004: Cannot use JSX unless the '--jsx' flag is provided.
components/asset-management/asset/product-form-dialog.tsx(345,61): error TS17004: Cannot use JSX unless the '--jsx' flag is provided.
components/asset-management/asset/product-form-dialog.tsx(348,53): error TS17004: Cannot use JSX unless the '--jsx' flag is provided.
components/asset-management/asset/product-form-dialog.tsx(350,61): error TS17004: Cannot use JSX unless the '--jsx' flag is provided.
components/asset-management/asset/product-form-dialog.tsx(354,49): error TS17004: Cannot use JSX unless the '--jsx' flag is provided.
components/asset-management/asset/product-form-dialog.tsx(362,29): error TS17004: Cannot use JSX unless the '--jsx' flag is provided.
components/asset-management/asset/product-form-dialog.tsx(363,33): error TS17004: Cannot use JSX unless the '--jsx' flag is provided.
components/asset-management/asset/product-form-dialog.tsx(367,41): error TS17004: Cannot use JSX unless the '--jsx' flag is provided.
components/asset-management/asset/product-form-dialog.tsx(368,45): error TS17004: Cannot use JSX unless the '--jsx' flag is provided.
components/asset-management/asset/product-form-dialog.tsx(369,45): error TS17004: Cannot use JSX unless the '--jsx' flag is provided.
components/asset-management/asset/product-form-dialog.tsx(370,49): error TS17004: Cannot use JSX unless the '--jsx' flag is provided.
components/asset-management/asset/product-form-dialog.tsx(371,53): error TS17004: Cannot use JSX unless the '--jsx' flag is provided.
components/asset-management/asset/product-form-dialog.tsx(372,57): error TS17004: Cannot use JSX unless the '--jsx' flag is provided.
components/asset-management/asset/product-form-dialog.tsx(375,49): error TS17004: Cannot use JSX unless the '--jsx' flag is provided.
components/asset-management/asset/product-form-dialog.tsx(377,57): error TS17004: Cannot use JSX unless the '--jsx' flag is provided.
components/asset-management/asset/product-form-dialog.tsx(381,45): error TS17004: Cannot use JSX unless the '--jsx' flag is provided.
components/asset-management/asset/product-form-dialog.tsx(385,33): error TS17004: Cannot use JSX unless the '--jsx' flag is provided.
components/asset-management/asset/product-form-dialog.tsx(389,41): error TS17004: Cannot use JSX unless the '--jsx' flag is provided.
components/asset-management/asset/product-form-dialog.tsx(390,45): error TS17004: Cannot use JSX unless the '--jsx' flag is provided.
components/asset-management/asset/product-form-dialog.tsx(391,45): error TS17004: Cannot use JSX unless the '--jsx' flag is provided.
components/asset-management/asset/product-form-dialog.tsx(392,49): error TS17004: Cannot use JSX unless the '--jsx' flag is provided.
components/asset-management/asset/product-form-dialog.tsx(393,53): error TS17004: Cannot use JSX unless the '--jsx' flag is provided.
components/asset-management/asset/product-form-dialog.tsx(394,57): error TS17004: Cannot use JSX unless the '--jsx' flag is provided.
components/asset-management/asset/product-form-dialog.tsx(397,49): error TS17004: Cannot use JSX unless the '--jsx' flag is provided.
components/asset-management/asset/product-form-dialog.tsx(399,57): error TS17004: Cannot use JSX unless the '--jsx' flag is provided.
components/asset-management/asset/product-form-dialog.tsx(403,45): error TS17004: Cannot use JSX unless the '--jsx' flag is provided.
components/asset-management/asset/product-form-dialog.tsx(407,33): error TS17004: Cannot use JSX unless the '--jsx' flag is provided.
components/asset-management/asset/product-form-dialog.tsx(411,41): error TS17004: Cannot use JSX unless the '--jsx' flag is provided.
components/asset-management/asset/product-form-dialog.tsx(412,45): error TS17004: Cannot use JSX unless the '--jsx' flag is provided.
components/asset-management/asset/product-form-dialog.tsx(413,45): error TS17004: Cannot use JSX unless the '--jsx' flag is provided.
components/asset-management/asset/product-form-dialog.tsx(414,49): error TS17004: Cannot use JSX unless the '--jsx' flag is provided.
components/asset-management/asset/product-form-dialog.tsx(415,53): error TS17004: Cannot use JSX unless the '--jsx' flag is provided.
components/asset-management/asset/product-form-dialog.tsx(416,57): error TS17004: Cannot use JSX unless the '--jsx' flag is provided.
components/asset-management/asset/product-form-dialog.tsx(419,49): error TS17004: Cannot use JSX unless the '--jsx' flag is provided.
components/asset-management/asset/product-form-dialog.tsx(421,57): error TS17004: Cannot use JSX unless the '--jsx' flag is provided.
components/asset-management/asset/product-form-dialog.tsx(425,45): error TS17004: Cannot use JSX unless the '--jsx' flag is provided.
components/asset-management/asset/product-form-dialog.tsx(431,29): error TS17004: Cannot use JSX unless the '--jsx' flag is provided.
components/asset-management/asset/product-form-dialog.tsx(432,33): error TS17004: Cannot use JSX unless the '--jsx' flag is provided.
components/asset-management/asset/product-form-dialog.tsx(435,33): error TS17004: Cannot use JSX unless the '--jsx' flag is provided.
